0 verbose cli /usr/bin/node /usr/bin/npm
1 info using npm@9.2.0
2 info using node@v22.22.1
3 timing npm:load:whichnode Completed in 0ms
4 timing config:load:defaults Completed in 1ms
5 timing config:load:file:/usr/share/nodejs/npm/npmrc Completed in 38ms
6 timing config:load:builtin Completed in 38ms
7 timing config:load:cli Completed in 3ms
8 timing config:load:env Completed in 0ms
9 timing config:load:file:/home/ubuntu/novel-master-frontend/.npmrc Completed in 1ms
10 timing config:load:project Completed in 3ms
11 timing config:load:file:/home/ubuntu/.npmrc Completed in 0ms
12 timing config:load:user Completed in 0ms
13 timing config:load:file:/etc/npmrc Completed in 0ms
14 timing config:load:global Completed in 0ms
15 timing config:load:setEnvs Completed in 1ms
16 timing config:load Completed in 49ms
17 timing npm:load:configload Completed in 49ms
18 timing npm:load:mkdirpcache Completed in 0ms
19 timing npm:load:mkdirplogs Completed in 1ms
20 verbose title npm install
21 verbose argv "install"
22 timing npm:load:setTitle Completed in 1ms
23 timing config:load:flatten Completed in 3ms
24 timing npm:load:display Completed in 4ms
25 verbose logfile logs-max:10 dir:/home/ubuntu/.npm/_logs/2026-05-25T15_41_56_853Z-
26 verbose logfile /home/ubuntu/.npm/_logs/2026-05-25T15_41_56_853Z-debug-0.log
27 timing npm:load:logFile Completed in 11ms
28 timing npm:load:timers Completed in 0ms
29 timing npm:load:configScope Completed in 0ms
30 timing npm:load Completed in 67ms
31 timing config:load:flatten Completed in 0ms
32 timing arborist:ctor Completed in 2ms
33 silly logfile done cleaning log files
34 timing idealTree:init Completed in 559ms
35 timing idealTree:userRequests Completed in 0ms
36 silly idealTree buildDeps
37 timing idealTree:#root Completed in 1ms
38 timing idealTree:buildDeps Completed in 2ms
39 timing idealTree:fixDepFlags Completed in 0ms
40 timing idealTree Completed in 570ms
41 timing arborist:ctor Completed in 0ms
42 timing reify:loadTrees Completed in 959ms
43 timing reify:diffTrees Completed in 12ms
44 silly reify moves {}
45 timing reify:retireShallow Completed in 1ms
46 timing reify:createSparse Completed in 19ms
47 timing reify:loadBundles Completed in 0ms
48 silly audit bulk request {
48 silly audit   '@alloc/quick-lru': [ '5.2.0' ],
48 silly audit   '@apideck/better-ajv-errors': [ '0.3.7' ],
48 silly audit   '@babel/code-frame': [ '7.29.7' ],
48 silly audit   '@babel/compat-data': [ '7.29.7' ],
48 silly audit   '@babel/core': [ '7.29.7' ],
48 silly audit   '@babel/generator': [ '7.29.7' ],
48 silly audit   '@babel/helper-annotate-as-pure': [ '7.29.7' ],
48 silly audit   '@babel/helper-compilation-targets': [ '7.29.7' ],
48 silly audit   '@babel/helper-create-class-features-plugin': [ '7.29.7' ],
48 silly audit   '@babel/helper-create-regexp-features-plugin': [ '7.29.7' ],
48 silly audit   '@babel/helper-define-polyfill-provider': [ '0.6.8' ],
48 silly audit   '@babel/helper-globals': [ '7.29.7' ],
48 silly audit   '@babel/helper-member-expression-to-functions': [ '7.29.7' ],
48 silly audit   '@babel/helper-module-imports': [ '7.29.7' ],
48 silly audit   '@babel/helper-module-transforms': [ '7.29.7' ],
48 silly audit   '@babel/helper-optimise-call-expression': [ '7.29.7' ],
48 silly audit   '@babel/helper-plugin-utils': [ '7.29.7' ],
48 silly audit   '@babel/helper-remap-async-to-generator': [ '7.29.7' ],
48 silly audit   '@babel/helper-replace-supers': [ '7.29.7' ],
48 silly audit   '@babel/helper-skip-transparent-expression-wrappers': [ '7.29.7' ],
48 silly audit   '@babel/helper-string-parser': [ '7.29.7' ],
48 silly audit   '@babel/helper-validator-identifier': [ '7.29.7' ],
48 silly audit   '@babel/helper-validator-option': [ '7.29.7' ],
48 silly audit   '@babel/helper-wrap-function': [ '7.29.7' ],
48 silly audit   '@babel/helpers': [ '7.29.7' ],
48 silly audit   '@babel/parser': [ '7.29.7' ],
48 silly audit   '@babel/plugin-bugfix-firefox-class-in-computed-class-key': [ '7.29.7' ],
48 silly audit   '@babel/plugin-bugfix-safari-class-field-initializer-scope': [ '7.29.7' ],
48 silly audit   '@babel/plugin-bugfix-safari-id-destructuring-collision-in-function-expression': [ '7.29.7' ],
48 silly audit   '@babel/plugin-bugfix-safari-rest-destructuring-rhs-array': [ '7.29.7' ],
48 silly audit   '@babel/plugin-bugfix-v8-spread-parameters-in-optional-chaining': [ '7.29.7' ],
48 silly audit   '@babel/plugin-bugfix-v8-static-class-fields-redefine-readonly': [ '7.29.7' ],
48 silly audit   '@babel/plugin-proposal-private-property-in-object': [ '7.21.0-placeholder-for-preset-env.2' ],
48 silly audit   '@babel/plugin-syntax-import-assertions': [ '7.29.7' ],
48 silly audit   '@babel/plugin-syntax-import-attributes': [ '7.29.7' ],
48 silly audit   '@babel/plugin-syntax-unicode-sets-regex': [ '7.18.6' ],
48 silly audit   '@babel/plugin-transform-arrow-functions': [ '7.29.7' ],
48 silly audit   '@babel/plugin-transform-async-generator-functions': [ '7.29.7' ],
48 silly audit   '@babel/plugin-transform-async-to-generator': [ '7.29.7' ],
48 silly audit   '@babel/plugin-transform-block-scoped-functions': [ '7.29.7' ],
48 silly audit   '@babel/plugin-transform-block-scoping': [ '7.29.7' ],
48 silly audit   '@babel/plugin-transform-class-properties': [ '7.29.7' ],
48 silly audit   '@babel/plugin-transform-class-static-block': [ '7.29.7' ],
48 silly audit   '@babel/plugin-transform-classes': [ '7.29.7' ],
48 silly audit   '@babel/plugin-transform-computed-properties': [ '7.29.7' ],
48 silly audit   '@babel/plugin-transform-destructuring': [ '7.29.7' ],
48 silly audit   '@babel/plugin-transform-dotall-regex': [ '7.29.7' ],
48 silly audit   '@babel/plugin-transform-duplicate-keys': [ '7.29.7' ],
48 silly audit   '@babel/plugin-transform-duplicate-named-capturing-groups-regex': [ '7.29.7' ],
48 silly audit   '@babel/plugin-transform-dynamic-import': [ '7.29.7' ],
48 silly audit   '@babel/plugin-transform-explicit-resource-management': [ '7.29.7' ],
48 silly audit   '@babel/plugin-transform-exponentiation-operator': [ '7.29.7' ],
48 silly audit   '@babel/plugin-transform-export-namespace-from': [ '7.29.7' ],
48 silly audit   '@babel/plugin-transform-for-of': [ '7.29.7' ],
48 silly audit   '@babel/plugin-transform-function-name': [ '7.29.7' ],
48 silly audit   '@babel/plugin-transform-json-strings': [ '7.29.7' ],
48 silly audit   '@babel/plugin-transform-literals': [ '7.29.7' ],
48 silly audit   '@babel/plugin-transform-logical-assignment-operators': [ '7.29.7' ],
48 silly audit   '@babel/plugin-transform-member-expression-literals': [ '7.29.7' ],
48 silly audit   '@babel/plugin-transform-modules-amd': [ '7.29.7' ],
48 silly audit   '@babel/plugin-transform-modules-commonjs': [ '7.29.7' ],
48 silly audit   '@babel/plugin-transform-modules-systemjs': [ '7.29.7' ],
48 silly audit   '@babel/plugin-transform-modules-umd': [ '7.29.7' ],
48 silly audit   '@babel/plugin-transform-named-capturing-groups-regex': [ '7.29.7' ],
48 silly audit   '@babel/plugin-transform-new-target': [ '7.29.7' ],
48 silly audit   '@babel/plugin-transform-nullish-coalescing-operator': [ '7.29.7' ],
48 silly audit   '@babel/plugin-transform-numeric-separator': [ '7.29.7' ],
48 silly audit   '@babel/plugin-transform-object-rest-spread': [ '7.29.7' ],
48 silly audit   '@babel/plugin-transform-object-super': [ '7.29.7' ],
48 silly audit   '@babel/plugin-transform-optional-catch-binding': [ '7.29.7' ],
48 silly audit   '@babel/plugin-transform-optional-chaining': [ '7.29.7' ],
48 silly audit   '@babel/plugin-transform-parameters': [ '7.29.7' ],
48 silly audit   '@babel/plugin-transform-private-methods': [ '7.29.7' ],
48 silly audit   '@babel/plugin-transform-private-property-in-object': [ '7.29.7' ],
48 silly audit   '@babel/plugin-transform-property-literals': [ '7.29.7' ],
48 silly audit   '@babel/plugin-transform-react-jsx-self': [ '7.29.7' ],
48 silly audit   '@babel/plugin-transform-react-jsx-source': [ '7.29.7' ],
48 silly audit   '@babel/plugin-transform-regenerator': [ '7.29.7' ],
48 silly audit   '@babel/plugin-transform-regexp-modifiers': [ '7.29.7' ],
48 silly audit   '@babel/plugin-transform-reserved-words': [ '7.29.7' ],
48 silly audit   '@babel/plugin-transform-shorthand-properties': [ '7.29.7' ],
48 silly audit   '@babel/plugin-transform-spread': [ '7.29.7' ],
48 silly audit   '@babel/plugin-transform-sticky-regex': [ '7.29.7' ],
48 silly audit   '@babel/plugin-transform-template-literals': [ '7.29.7' ],
48 silly audit   '@babel/plugin-transform-typeof-symbol': [ '7.29.7' ],
48 silly audit   '@babel/plugin-transform-unicode-escapes': [ '7.29.7' ],
48 silly audit   '@babel/plugin-transform-unicode-property-regex': [ '7.29.7' ],
48 silly audit   '@babel/plugin-transform-unicode-regex': [ '7.29.7' ],
48 silly audit   '@babel/plugin-transform-unicode-sets-regex': [ '7.29.7' ],
48 silly audit   '@babel/preset-env': [ '7.29.7' ],
48 silly audit   '@babel/preset-modules': [ '0.1.6-no-external-plugins' ],
48 silly audit   '@babel/runtime': [ '7.29.7' ],
48 silly audit   '@babel/template': [ '7.29.7' ],
48 silly audit   '@babel/traverse': [ '7.29.7' ],
48 silly audit   '@babel/types': [ '7.29.7' ],
48 silly audit   '@emotion/is-prop-valid': [ '0.8.8' ],
48 silly audit   '@emotion/memoize': [ '0.7.4' ],
48 silly audit   '@esbuild/aix-ppc64': [ '0.21.5' ],
48 silly audit   '@esbuild/android-arm': [ '0.21.5' ],
48 silly audit   '@esbuild/android-arm64': [ '0.21.5' ],
48 silly audit   '@esbuild/android-x64': [ '0.21.5' ],
48 silly audit   '@esbuild/darwin-arm64': [ '0.21.5' ],
48 silly audit   '@esbuild/darwin-x64': [ '0.21.5' ],
48 silly audit   '@esbuild/freebsd-arm64': [ '0.21.5' ],
48 silly audit   '@esbuild/freebsd-x64': [ '0.21.5' ],
48 silly audit   '@esbuild/linux-arm': [ '0.21.5' ],
48 silly audit   '@esbuild/linux-arm64': [ '0.21.5' ],
48 silly audit   '@esbuild/linux-ia32': [ '0.21.5' ],
48 silly audit   '@esbuild/linux-loong64': [ '0.21.5' ],
48 silly audit   '@esbuild/linux-mips64el': [ '0.21.5' ],
48 silly audit   '@esbuild/linux-ppc64': [ '0.21.5' ],
48 silly audit   '@esbuild/linux-riscv64': [ '0.21.5' ],
48 silly audit   '@esbuild/linux-s390x': [ '0.21.5' ],
48 silly audit   '@esbuild/linux-x64': [ '0.21.5' ],
48 silly audit   '@esbuild/netbsd-x64': [ '0.21.5' ],
48 silly audit   '@esbuild/openbsd-x64': [ '0.21.5' ],
48 silly audit   '@esbuild/sunos-x64': [ '0.21.5' ],
48 silly audit   '@esbuild/win32-arm64': [ '0.21.5' ],
48 silly audit   '@esbuild/win32-ia32': [ '0.21.5' ],
48 silly audit   '@esbuild/win32-x64': [ '0.21.5' ],
48 silly audit   '@isaacs/cliui': [ '9.0.0' ],
48 silly audit   '@jridgewell/gen-mapping': [ '0.3.13' ],
48 silly audit   '@jridgewell/remapping': [ '2.3.5' ],
48 silly audit   '@jridgewell/resolve-uri': [ '3.1.2' ],
48 silly audit   '@jridgewell/source-map': [ '0.3.11' ],
48 silly audit   '@jridgewell/sourcemap-codec': [ '1.5.5' ],
48 silly audit   '@jridgewell/trace-mapping': [ '0.3.31' ],
48 silly audit   '@nodelib/fs.scandir': [ '2.1.5' ],
48 silly audit   '@nodelib/fs.stat': [ '2.0.5' ],
48 silly audit   '@nodelib/fs.walk': [ '1.2.8' ],
48 silly audit   '@remix-run/router': [ '1.23.2' ],
48 silly audit   '@rolldown/pluginutils': [ '1.0.0-beta.27' ],
48 silly audit   '@rollup/plugin-babel': [ '6.1.0' ],
48 silly audit   '@rollup/plugin-node-resolve': [ '16.0.3' ],
48 silly audit   '@rollup/plugin-replace': [ '6.0.3' ],
48 silly audit   '@rollup/plugin-terser': [ '1.0.0' ],
48 silly audit   '@rollup/pluginutils': [ '5.3.0' ],
48 silly audit   picomatch: [ '4.0.4', '2.3.2' ],
48 silly audit   '@rollup/rollup-android-arm-eabi': [ '4.60.4' ],
48 silly audit   '@rollup/rollup-android-arm64': [ '4.60.4' ],
48 silly audit   '@rollup/rollup-darwin-arm64': [ '4.60.4' ],
48 silly audit   '@rollup/rollup-darwin-x64': [ '4.60.4' ],
48 silly audit   '@rollup/rollup-freebsd-arm64': [ '4.60.4' ],
48 silly audit   '@rollup/rollup-freebsd-x64': [ '4.60.4' ],
48 silly audit   '@rollup/rollup-linux-arm-gnueabihf': [ '4.60.4' ],
48 silly audit   '@rollup/rollup-linux-arm-musleabihf': [ '4.60.4' ],
48 silly audit   '@rollup/rollup-linux-arm64-gnu': [ '4.60.4' ],
48 silly audit   '@rollup/rollup-linux-arm64-musl': [ '4.60.4' ],
48 silly audit   '@rollup/rollup-linux-loong64-gnu': [ '4.60.4' ],
48 silly audit   '@rollup/rollup-linux-loong64-musl': [ '4.60.4' ],
48 silly audit   '@rollup/rollup-linux-ppc64-gnu': [ '4.60.4' ],
48 silly audit   '@rollup/rollup-linux-ppc64-musl': [ '4.60.4' ],
48 silly audit   '@rollup/rollup-linux-riscv64-gnu': [ '4.60.4' ],
48 silly audit   '@rollup/rollup-linux-riscv64-musl': [ '4.60.4' ],
48 silly audit   '@rollup/rollup-linux-s390x-gnu': [ '4.60.4' ],
48 silly audit   '@rollup/rollup-linux-x64-gnu': [ '4.60.4' ],
48 silly audit   '@rollup/rollup-linux-x64-musl': [ '4.60.4' ],
48 silly audit   '@rollup/rollup-openbsd-x64': [ '4.60.4' ],
48 silly audit   '@rollup/rollup-openharmony-arm64': [ '4.60.4' ],
48 silly audit   '@rollup/rollup-win32-arm64-msvc': [ '4.60.4' ],
48 silly audit   '@rollup/rollup-win32-ia32-msvc': [ '4.60.4' ],
48 silly audit   '@rollup/rollup-win32-x64-gnu': [ '4.60.4' ],
48 silly audit   '@rollup/rollup-win32-x64-msvc': [ '4.60.4' ],
48 silly audit   '@socket.io/component-emitter': [ '3.1.2' ],
48 silly audit   '@tailwindcss/typography': [ '0.5.19' ],
48 silly audit   '@trickfilm400/rollup-plugin-off-main-thread': [ '3.0.0-pre1' ],
48 silly audit   '@types/babel__core': [ '7.20.5' ],
48 silly audit   '@types/babel__generator': [ '7.27.0' ],
48 silly audit   '@types/babel__template': [ '7.4.4' ],
48 silly audit   '@types/babel__traverse': [ '7.28.0' ],
48 silly audit   '@types/estree': [ '1.0.8' ],
48 silly audit   '@types/prop-types': [ '15.7.15' ],
48 silly audit   '@types/react': [ '18.3.29' ],
48 silly audit   '@types/react-dom': [ '18.3.7' ],
48 silly audit   '@types/resolve': [ '1.20.2' ],
48 silly audit   '@types/trusted-types': [ '2.0.7' ],
48 silly audit   '@vitejs/plugin-react': [ '4.7.0' ],
48 silly audit   acorn: [ '8.16.0' ],
48 silly audit   'agent-base': [ '6.0.2' ],
48 silly audit   ajv: [ '8.20.0' ],
48 silly audit   'any-promise': [ '1.3.0' ],
48 silly audit   anymatch: [ '3.1.3' ],
48 silly audit   arg: [ '5.0.2' ],
48 silly audit   'array-buffer-byte-length': [ '1.0.2' ],
48 silly audit   'arraybuffer.prototype.slice': [ '1.0.4' ],
48 silly audit   async: [ '3.2.6' ],
48 silly audit   'async-function': [ '1.0.0' ],
48 silly audit   asynckit: [ '0.4.0' ],
48 silly audit   'at-least-node': [ '1.0.0' ],
48 silly audit   autoprefixer: [ '10.5.0' ],
48 silly audit   'available-typed-arrays': [ '1.0.7' ],
48 silly audit   axios: [ '1.16.1' ],
48 silly audit   'babel-plugin-polyfill-corejs2': [ '0.4.17' ],
48 silly audit   'babel-plugin-polyfill-corejs3': [ '0.14.2' ],
48 silly audit   'babel-plugin-polyfill-regenerator': [ '0.6.8' ],
48 silly audit   'balanced-match': [ '1.0.2', '4.0.4' ],
48 silly audit   'baseline-browser-mapping': [ '2.10.32' ],
48 silly audit   'big-integer': [ '1.6.52' ],
48 silly audit   'binary-extensions': [ '2.3.0' ],
48 silly audit   'brace-expansion': [ '1.1.14', '2.1.1', '5.0.6' ],
48 silly audit   braces: [ '3.0.3' ],
48 silly audit   'broadcast-channel': [ '3.7.0' ],
48 silly audit   browserslist: [ '4.28.2' ],
48 silly audit   'buffer-from': [ '1.1.2' ],
48 silly audit   'call-bind': [ '1.0.9' ],
48 silly audit   'call-bind-apply-helpers': [ '1.0.2' ],
48 silly audit   'call-bound': [ '1.0.4' ],
48 silly audit   'camelcase-css': [ '2.0.1' ],
48 silly audit   'caniuse-lite': [ '1.0.30001793' ],
48 silly audit   chokidar: [ '3.6.0' ],
48 silly audit   'glob-parent': [ '5.1.2', '6.0.2' ],
48 silly audit   clsx: [ '1.2.1' ],
48 silly audit   'combined-stream': [ '1.0.8' ],
48 silly audit   commander: [ '4.1.1', '2.20.3' ],
48 silly audit   'common-tags': [ '1.8.2' ],
48 silly audit   'concat-map': [ '0.0.1' ],
48 silly audit   'convert-source-map': [ '2.0.0' ],
48 silly audit   'core-js-compat': [ '3.49.0' ],
48 silly audit   'cross-spawn': [ '7.0.6' ],
48 silly audit   'crypto-random-string': [ '2.0.0' ],
48 silly audit   cssesc: [ '3.0.0' ],
48 silly audit   csstype: [ '3.2.3' ],
48 silly audit   'data-view-buffer': [ '1.0.2' ],
48 silly audit   'data-view-byte-length': [ '1.0.2' ],
48 silly audit   'data-view-byte-offset': [ '1.0.1' ],
48 silly audit   'date-fns': [ '2.30.0' ],
48 silly audit   debug: [ '4.4.3' ],
48 silly audit   deepmerge: [ '4.3.1' ],
48 silly audit   'define-data-property': [ '1.1.4' ],
48 silly audit   'define-properties': [ '1.2.1' ],
48 silly audit   'delayed-stream': [ '1.0.0' ],
48 silly audit   'detect-node': [ '2.1.0' ],
48 silly audit   didyoumean: [ '1.2.2' ],
48 silly audit   dlv: [ '1.1.3' ],
48 silly audit   'dom-helpers': [ '5.2.1' ],
48 silly audit   'dunder-proto': [ '1.0.1' ],
48 silly audit   ejs: [ '3.1.10' ],
48 silly audit   'electron-to-chromium': [ '1.5.361' ],
48 silly audit   'engine.io-client': [ '6.6.5' ],
48 silly audit   'engine.io-parser': [ '5.2.3' ],
48 silly audit   'es-abstract': [ '1.24.2' ],
48 silly audit   'es-define-property': [ '1.0.1' ],
48 silly audit   'es-errors': [ '1.3.0' ],
48 silly audit   'es-object-atoms': [ '1.1.2' ],
48 silly audit   'es-set-tostringtag': [ '2.1.0' ],
48 silly audit   'es-to-primitive': [ '1.3.0' ],
48 silly audit   esbuild: [ '0.21.5' ],
48 silly audit   escalade: [ '3.2.0' ],
48 silly audit   'estree-walker': [ '2.0.2' ],
48 silly audit   esutils: [ '2.0.3' ],
48 silly audit   eta: [ '4.6.0' ],
48 silly audit   'fast-deep-equal': [ '3.1.3' ],
48 silly audit   'fast-glob': [ '3.3.3' ],
48 silly audit   'fast-json-stable-stringify': [ '2.1.0' ],
48 silly audit   'fast-uri': [ '3.1.2' ],
48 silly audit   fastq: [ '1.20.1' ],
48 silly audit   filelist: [ '1.0.6' ],
48 silly audit   minimatch: [ '5.1.9', '3.1.5', '10.2.5' ],
48 silly audit   'fill-range': [ '7.1.1' ],
48 silly audit   'follow-redirects': [ '1.16.0' ],
48 silly audit   'for-each': [ '0.3.5' ],
48 silly audit   'foreground-child': [ '3.3.1' ],
48 silly audit   'form-data': [ '4.0.5' ],
48 silly audit   'fraction.js': [ '5.3.4' ],
48 silly audit   'framer-motion': [ '10.18.0' ],
48 silly audit   'fs-extra': [ '9.1.0' ],
48 silly audit   'fs.realpath': [ '1.0.0' ],
48 silly audit   fsevents: [ '2.3.3' ],
48 silly audit   'function-bind': [ '1.1.2' ],
48 silly audit   'function.prototype.name': [ '1.1.8' ],
48 silly audit   'functions-have-names': [ '1.2.3' ],
48 silly audit   'generator-function': [ '2.0.1' ],
48 silly audit   gensync: [ '1.0.0-beta.2' ],
48 silly audit   'get-intrinsic': [ '1.3.0' ],
48 silly audit   'get-own-enumerable-property-symbols': [ '3.0.2' ],
48 silly audit   'get-proto': [ '1.0.1' ],
48 silly audit   'get-symbol-description': [ '1.1.0' ],
48 silly audit   glob: [ '7.2.3', '11.1.0' ],
48 silly audit   globalthis: [ '1.0.4' ],
48 silly audit   goober: [ '2.1.19' ],
48 silly audit   gopd: [ '1.2.0' ],
48 silly audit   'graceful-fs': [ '4.2.11' ],
48 silly audit   'has-bigints': [ '1.1.0' ],
48 silly audit   'has-property-descriptors': [ '1.0.2' ],
48 silly audit   'has-proto': [ '1.2.0' ],
48 silly audit   'has-symbols': [ '1.1.0' ],
48 silly audit   'has-tostringtag': [ '1.0.2' ],
48 silly audit   hasown: [ '2.0.3' ],
48 silly audit   'https-proxy-agent': [ '5.0.1' ],
48 silly audit   idb: [ '7.1.1' ],
48 silly audit   inflight: [ '1.0.6' ],
48 silly audit   inherits: [ '2.0.4' ],
48 silly audit   'internal-slot': [ '1.1.0' ],
48 silly audit   'is-array-buffer': [ '3.0.5' ],
48 silly audit   'is-async-function': [ '2.1.1' ],
48 silly audit   'is-bigint': [ '1.1.0' ],
48 silly audit   'is-binary-path': [ '2.1.0' ],
48 silly audit   'is-boolean-object': [ '1.2.2' ],
48 silly audit   'is-callable': [ '1.2.7' ],
48 silly audit   'is-core-module': [ '2.16.2' ],
48 silly audit   'is-data-view': [ '1.0.2' ],
48 silly audit   'is-date-object': [ '1.1.0' ],
48 silly audit   'is-extglob': [ '2.1.1' ],
48 silly audit   'is-finalizationregistry': [ '1.1.1' ],
48 silly audit   'is-generator-function': [ '1.1.2' ],
48 silly audit   'is-glob': [ '4.0.3' ],
48 silly audit   'is-map': [ '2.0.3' ],
48 silly audit   'is-module': [ '1.0.0' ],
48 silly audit   'is-negative-zero': [ '2.0.3' ],
48 silly audit   'is-number': [ '7.0.0' ],
48 silly audit   'is-number-object': [ '1.1.1' ],
48 silly audit   'is-obj': [ '1.0.1' ],
48 silly audit   'is-regex': [ '1.2.1' ],
48 silly audit   'is-regexp': [ '1.0.0' ],
48 silly audit   'is-set': [ '2.0.3' ],
48 silly audit   'is-shared-array-buffer': [ '1.0.4' ],
48 silly audit   'is-stream': [ '2.0.1' ],
48 silly audit   'is-string': [ '1.1.1' ],
48 silly audit   'is-symbol': [ '1.1.1' ],
48 silly audit   'is-typed-array': [ '1.1.15' ],
48 silly audit   'is-weakmap': [ '2.0.2' ],
48 silly audit   'is-weakref': [ '1.1.1' ],
48 silly audit   'is-weakset': [ '2.0.4' ],
48 silly audit   isarray: [ '2.0.5' ],
48 silly audit   isexe: [ '2.0.0' ],
48 silly audit   jackspeak: [ '4.2.3' ],
48 silly audit   jake: [ '10.9.4' ],
48 silly audit   jiti: [ '1.21.7' ],
48 silly audit   'js-sha3': [ '0.8.0' ],
48 silly audit   'js-tokens': [ '4.0.0' ],
48 silly audit   jsesc: [ '3.1.0' ],
48 silly audit   'json-schema-traverse': [ '1.0.0' ],
48 silly audit   json5: [ '2.2.3' ],
48 silly audit   jsonfile: [ '6.2.1' ],
48 silly audit   jsonpointer: [ '5.0.1' ],
48 silly audit   leven: [ '3.1.0' ],
48 silly audit   lilconfig: [ '3.1.3' ],
48 silly audit   'lines-and-columns': [ '1.2.4' ],
48 silly audit   'lodash.debounce': [ '4.0.8' ],
48 silly audit   'lodash.sortby': [ '4.7.0' ],
48 silly audit   'loose-envify': [ '1.4.0' ],
48 silly audit   'lru-cache': [ '5.1.1', '11.5.0' ],
48 silly audit   'lucide-react': [ '0.294.0' ],
48 silly audit   'magic-string': [ '0.30.21' ],
48 silly audit   'match-sorter': [ '6.3.4' ],
48 silly audit   'math-intrinsics': [ '1.1.0' ],
48 silly audit   merge2: [ '1.4.1' ],
48 silly audit   micromatch: [ '4.0.8' ],
48 silly audit   microseconds: [ '0.2.0' ],
48 silly audit   'mime-db': [ '1.52.0' ],
48 silly audit   'mime-types': [ '2.1.35' ],
48 silly audit   minipass: [ '7.1.3' ],
48 silly audit   ms: [ '2.1.3' ],
48 silly audit   mz: [ '2.7.0' ],
48 silly audit   'nano-time': [ '1.0.0' ],
48 silly audit   nanoid: [ '3.3.12' ],
48 silly audit   'node-releases': [ '2.0.46' ],
48 silly audit   'normalize-path': [ '3.0.0' ],
48 silly audit   'object-assign': [ '4.1.1' ],
48 silly audit   'object-hash': [ '3.0.0' ],
48 silly audit   'object-inspect': [ '1.13.4' ],
48 silly audit   'object-keys': [ '1.1.1' ],
48 silly audit   'object.assign': [ '4.1.7' ],
48 silly audit   'oblivious-set': [ '1.0.0' ],
48 silly audit   once: [ '1.4.0' ],
48 silly audit   'own-keys': [ '1.0.1' ],
48 silly audit   'package-json-from-dist': [ '1.0.1' ],
48 silly audit   'path-is-absolute': [ '1.0.1' ],
48 silly audit   'path-key': [ '3.1.1' ],
48 silly audit   'path-parse': [ '1.0.7' ],
48 silly audit   'path-scurry': [ '2.0.2' ],
48 silly audit   picocolors: [ '1.1.1' ],
48 silly audit   pify: [ '2.3.0' ],
48 silly audit   pirates: [ '4.0.7' ],
48 silly audit   'possible-typed-array-names': [ '1.1.0' ],
48 silly audit   postcss: [ '8.5.15' ],
48 silly audit   'postcss-import': [ '15.1.0' ],
48 silly audit   'postcss-js': [ '4.1.0' ],
48 silly audit   'postcss-load-config': [ '6.0.1' ],
48 silly audit   'postcss-nested': [ '6.2.0' ],
48 silly audit   'postcss-selector-parser': [ '6.1.2', '6.0.10' ],
48 silly audit   'postcss-value-parser': [ '4.2.0' ],
48 silly audit   'pretty-bytes': [ '6.1.1', '5.6.0' ],
48 silly audit   'prop-types': [ '15.8.1' ],
48 silly audit   'proxy-from-env': [ '2.1.0' ],
48 silly audit   punycode: [ '2.3.1' ],
48 silly audit   'queue-microtask': [ '1.2.3' ],
48 silly audit   react: [ '18.3.1' ],
48 silly audit   'react-dom': [ '18.3.1' ],
48 silly audit   'react-hot-toast': [ '2.6.0' ],
48 silly audit   'react-intersection-observer': [ '9.16.0' ],
48 silly audit   'react-is': [ '16.13.1' ],
48 silly audit   'react-lifecycles-compat': [ '3.0.4' ],
48 silly audit   'react-query': [ '3.39.3' ],
48 silly audit   'react-refresh': [ '0.17.0' ],
48 silly audit   'react-router': [ '6.30.3' ],
48 silly audit   'react-router-dom': [ '6.30.3' ],
48 silly audit   'react-virtualized': [ '9.22.6' ],
48 silly audit   'read-cache': [ '1.0.0' ],
48 silly audit   readdirp: [ '3.6.0' ],
48 silly audit   'reflect.getprototypeof': [ '1.0.10' ],
48 silly audit   regenerate: [ '1.4.2' ],
48 silly audit   'regenerate-unicode-properties': [ '10.2.2' ],
48 silly audit   'regexp.prototype.flags': [ '1.5.4' ],
48 silly audit   'regexpu-core': [ '6.4.0' ],
48 silly audit   regjsgen: [ '0.8.0' ],
48 silly audit   regjsparser: [ '0.13.1' ],
48 silly audit   'remove-accents': [ '0.5.0' ],
48 silly audit   'require-from-string': [ '2.0.2' ],
48 silly audit   resolve: [ '1.22.12' ],
48 silly audit   reusify: [ '1.1.0' ],
48 silly audit   rimraf: [ '3.0.2' ],
48 silly audit   rollup: [ '4.60.4' ],
48 silly audit   'run-parallel': [ '1.2.0' ],
48 silly audit   'safe-array-concat': [ '1.1.4' ],
48 silly audit   'safe-push-apply': [ '1.0.0' ],
48 silly audit   'safe-regex-test': [ '1.1.0' ],
48 silly audit   scheduler: [ '0.23.2' ],
48 silly audit   semver: [ '6.3.1' ],
48 silly audit   'serialize-javascript': [ '7.0.5' ],
48 silly audit   'set-function-length': [ '1.2.2' ],
48 silly audit   'set-function-name': [ '2.0.2' ],
48 silly audit   'set-proto': [ '1.0.0' ],
48 silly audit   'shebang-command': [ '2.0.0' ],
48 silly audit   'shebang-regex': [ '3.0.0' ],
48 silly audit   'side-channel': [ '1.1.0' ],
48 silly audit   'side-channel-list': [ '1.0.1' ],
48 silly audit   'side-channel-map': [ '1.0.1' ],
48 silly audit   'side-channel-weakmap': [ '1.0.2' ],
48 silly audit   'signal-exit': [ '4.1.0' ],
48 silly audit   smob: [ '1.6.2' ],
48 silly audit   'socket.io-client': [ '4.8.3' ],
48 silly audit   'socket.io-parser': [ '4.2.6' ],
48 silly audit   'source-map': [ '0.8.0-beta.0', '0.6.1' ],
48 silly audit   'source-map-js': [ '1.2.1' ],
48 silly audit   'source-map-support': [ '0.5.21' ],
48 silly audit   'stop-iteration-iterator': [ '1.1.0' ],
48 silly audit   'string.prototype.matchall': [ '4.0.12' ],
48 silly audit   'string.prototype.trim': [ '1.2.10' ],
48 silly audit   'string.prototype.trimend': [ '1.0.9' ],
48 silly audit   'string.prototype.trimstart': [ '1.0.8' ],
48 silly audit   'stringify-object': [ '3.3.0' ],
48 silly audit   'strip-comments': [ '2.0.1' ],
48 silly audit   sucrase: [ '3.35.1' ],
48 silly audit   'supports-preserve-symlinks-flag': [ '1.0.0' ],
48 silly audit   tailwindcss: [ '3.4.19' ],
48 silly audit   'temp-dir': [ '2.0.0' ],
48 silly audit   tempy: [ '0.6.0' ],
48 silly audit   terser: [ '5.48.0' ],
48 silly audit   thenify: [ '3.3.1' ],
48 silly audit   'thenify-all': [ '1.6.0' ],
48 silly audit   tinyglobby: [ '0.2.16' ],
48 silly audit   fdir: [ '6.5.0' ],
48 silly audit   'to-regex-range': [ '5.0.1' ],
48 silly audit   tr46: [ '1.0.1' ],
48 silly audit   'ts-interface-checker': [ '0.1.13' ],
48 silly audit   tslib: [ '2.8.1' ],
48 silly audit   'type-fest': [ '0.16.0' ],
48 silly audit   'typed-array-buffer': [ '1.0.3' ],
48 silly audit   'typed-array-byte-length': [ '1.0.3' ],
48 silly audit   'typed-array-byte-offset': [ '1.0.4' ],
48 silly audit   'typed-array-length': [ '1.0.7' ],
48 silly audit   typescript: [ '5.9.3' ],
48 silly audit   'unbox-primitive': [ '1.1.0' ],
48 silly audit   'unicode-canonical-property-names-ecmascript': [ '2.0.1' ],
48 silly audit   'unicode-match-property-ecmascript': [ '2.0.0' ],
48 silly audit   'unicode-match-property-value-ecmascript': [ '2.2.1' ],
48 silly audit   'unicode-property-aliases-ecmascript': [ '2.2.0' ],
48 silly audit   'unique-string': [ '2.0.0' ],
48 silly audit   universalify: [ '2.0.1' ],
48 silly audit   unload: [ '2.2.0' ],
48 silly audit   upath: [ '1.2.0' ],
48 silly audit   'update-browserslist-db': [ '1.2.3' ],
48 silly audit   'use-sync-external-store': [ '1.6.0' ],
48 silly audit   'util-deprecate': [ '1.0.2' ],
48 silly audit   vite: [ '5.4.21' ],
48 silly audit   'vite-plugin-pwa': [ '0.17.5' ],
48 silly audit   'webidl-conversions': [ '4.0.2' ],
48 silly audit   'whatwg-url': [ '7.1.0' ],
48 silly audit   which: [ '2.0.2' ],
48 silly audit   'which-boxed-primitive': [ '1.1.1' ],
48 silly audit   'which-builtin-type': [ '1.2.1' ],
48 silly audit   'which-collection': [ '1.0.2' ],
48 silly audit   'which-typed-array': [ '1.1.20' ],
48 silly audit   'workbox-background-sync': [ '7.4.1' ],
48 silly audit   'workbox-broadcast-update': [ '7.4.1' ],
48 silly audit   'workbox-build': [ '7.4.1' ],
48 silly audit   'workbox-cacheable-response': [ '7.4.1' ],
48 silly audit   'workbox-core': [ '7.4.1' ],
48 silly audit   'workbox-expiration': [ '7.4.1' ],
48 silly audit   'workbox-google-analytics': [ '7.4.1' ],
48 silly audit   'workbox-navigation-preload': [ '7.4.1' ],
48 silly audit   'workbox-precaching': [ '7.4.1' ],
48 silly audit   'workbox-range-requests': [ '7.4.1' ],
48 silly audit   'workbox-recipes': [ '7.4.1' ],
48 silly audit   'workbox-routing': [ '7.4.1' ],
48 silly audit   'workbox-strategies': [ '7.4.1' ],
48 silly audit   'workbox-streams': [ '7.4.1' ],
48 silly audit   'workbox-sw': [ '7.4.1' ],
48 silly audit   'workbox-window': [ '7.4.1' ],
48 silly audit   wrappy: [ '1.0.2' ],
48 silly audit   ws: [ '8.20.1' ],
48 silly audit   'xmlhttprequest-ssl': [ '2.1.2' ],
48 silly audit   yallist: [ '3.1.1' ],
48 silly audit   zustand: [ '4.5.7' ]
48 silly audit }
49 verbose reify failed optional dependency /home/ubuntu/novel-master-frontend/node_modules/fsevents
50 silly reify mark deleted [ '/home/ubuntu/novel-master-frontend/node_modules/fsevents' ]
51 verbose reify failed optional dependency /home/ubuntu/novel-master-frontend/node_modules/@rollup/rollup-win32-x64-msvc
52 silly reify mark deleted [
52 silly reify   '/home/ubuntu/novel-master-frontend/node_modules/@rollup/rollup-win32-x64-msvc'
52 silly reify ]
53 verbose reify failed optional dependency /home/ubuntu/novel-master-frontend/node_modules/@rollup/rollup-win32-x64-gnu
54 silly reify mark deleted [
54 silly reify   '/home/ubuntu/novel-master-frontend/node_modules/@rollup/rollup-win32-x64-gnu'
54 silly reify ]
55 verbose reify failed optional dependency /home/ubuntu/novel-master-frontend/node_modules/@rollup/rollup-win32-ia32-msvc
56 silly reify mark deleted [
56 silly reify   '/home/ubuntu/novel-master-frontend/node_modules/@rollup/rollup-win32-ia32-msvc'
56 silly reify ]
57 verbose reify failed optional dependency /home/ubuntu/novel-master-frontend/node_modules/@rollup/rollup-win32-arm64-msvc
58 silly reify mark deleted [
58 silly reify   '/home/ubuntu/novel-master-frontend/node_modules/@rollup/rollup-win32-arm64-msvc'
58 silly reify ]
59 verbose reify failed optional dependency /home/ubuntu/novel-master-frontend/node_modules/@rollup/rollup-openharmony-arm64
60 silly reify mark deleted [
60 silly reify   '/home/ubuntu/novel-master-frontend/node_modules/@rollup/rollup-openharmony-arm64'
60 silly reify ]
61 verbose reify failed optional dependency /home/ubuntu/novel-master-frontend/node_modules/@rollup/rollup-openbsd-x64
62 silly reify mark deleted [
62 silly reify   '/home/ubuntu/novel-master-frontend/node_modules/@rollup/rollup-openbsd-x64'
62 silly reify ]
63 verbose reify failed optional dependency /home/ubuntu/novel-master-frontend/node_modules/@rollup/rollup-linux-s390x-gnu
64 silly reify mark deleted [
64 silly reify   '/home/ubuntu/novel-master-frontend/node_modules/@rollup/rollup-linux-s390x-gnu'
64 silly reify ]
65 verbose reify failed optional dependency /home/ubuntu/novel-master-frontend/node_modules/@rollup/rollup-linux-riscv64-musl
66 silly reify mark deleted [
66 silly reify   '/home/ubuntu/novel-master-frontend/node_modules/@rollup/rollup-linux-riscv64-musl'
66 silly reify ]
67 verbose reify failed optional dependency /home/ubuntu/novel-master-frontend/node_modules/@rollup/rollup-linux-riscv64-gnu
68 silly reify mark deleted [
68 silly reify   '/home/ubuntu/novel-master-frontend/node_modules/@rollup/rollup-linux-riscv64-gnu'
68 silly reify ]
69 verbose reify failed optional dependency /home/ubuntu/novel-master-frontend/node_modules/@rollup/rollup-linux-ppc64-musl
70 silly reify mark deleted [
70 silly reify   '/home/ubuntu/novel-master-frontend/node_modules/@rollup/rollup-linux-ppc64-musl'
70 silly reify ]
71 verbose reify failed optional dependency /home/ubuntu/novel-master-frontend/node_modules/@rollup/rollup-linux-ppc64-gnu
72 silly reify mark deleted [
72 silly reify   '/home/ubuntu/novel-master-frontend/node_modules/@rollup/rollup-linux-ppc64-gnu'
72 silly reify ]
73 verbose reify failed optional dependency /home/ubuntu/novel-master-frontend/node_modules/@rollup/rollup-linux-loong64-musl
74 silly reify mark deleted [
74 silly reify   '/home/ubuntu/novel-master-frontend/node_modules/@rollup/rollup-linux-loong64-musl'
74 silly reify ]
75 verbose reify failed optional dependency /home/ubuntu/novel-master-frontend/node_modules/@rollup/rollup-linux-loong64-gnu
76 silly reify mark deleted [
76 silly reify   '/home/ubuntu/novel-master-frontend/node_modules/@rollup/rollup-linux-loong64-gnu'
76 silly reify ]
77 verbose reify failed optional dependency /home/ubuntu/novel-master-frontend/node_modules/@rollup/rollup-linux-arm64-musl
78 silly reify mark deleted [
78 silly reify   '/home/ubuntu/novel-master-frontend/node_modules/@rollup/rollup-linux-arm64-musl'
78 silly reify ]
79 verbose reify failed optional dependency /home/ubuntu/novel-master-frontend/node_modules/@rollup/rollup-linux-arm64-gnu
80 silly reify mark deleted [
80 silly reify   '/home/ubuntu/novel-master-frontend/node_modules/@rollup/rollup-linux-arm64-gnu'
80 silly reify ]
81 verbose reify failed optional dependency /home/ubuntu/novel-master-frontend/node_modules/@rollup/rollup-linux-arm-musleabihf
82 silly reify mark deleted [
82 silly reify   '/home/ubuntu/novel-master-frontend/node_modules/@rollup/rollup-linux-arm-musleabihf'
82 silly reify ]
83 verbose reify failed optional dependency /home/ubuntu/novel-master-frontend/node_modules/@rollup/rollup-linux-arm-gnueabihf
84 silly reify mark deleted [
84 silly reify   '/home/ubuntu/novel-master-frontend/node_modules/@rollup/rollup-linux-arm-gnueabihf'
84 silly reify ]
85 verbose reify failed optional dependency /home/ubuntu/novel-master-frontend/node_modules/@rollup/rollup-freebsd-x64
86 silly reify mark deleted [
86 silly reify   '/home/ubuntu/novel-master-frontend/node_modules/@rollup/rollup-freebsd-x64'
86 silly reify ]
87 verbose reify failed optional dependency /home/ubuntu/novel-master-frontend/node_modules/@rollup/rollup-freebsd-arm64
88 silly reify mark deleted [
88 silly reify   '/home/ubuntu/novel-master-frontend/node_modules/@rollup/rollup-freebsd-arm64'
88 silly reify ]
89 verbose reify failed optional dependency /home/ubuntu/novel-master-frontend/node_modules/@rollup/rollup-darwin-x64
90 silly reify mark deleted [
90 silly reify   '/home/ubuntu/novel-master-frontend/node_modules/@rollup/rollup-darwin-x64'
90 silly reify ]
91 verbose reify failed optional dependency /home/ubuntu/novel-master-frontend/node_modules/@rollup/rollup-darwin-arm64
92 silly reify mark deleted [
92 silly reify   '/home/ubuntu/novel-master-frontend/node_modules/@rollup/rollup-darwin-arm64'
92 silly reify ]
93 verbose reify failed optional dependency /home/ubuntu/novel-master-frontend/node_modules/@rollup/rollup-android-arm64
94 silly reify mark deleted [
94 silly reify   '/home/ubuntu/novel-master-frontend/node_modules/@rollup/rollup-android-arm64'
94 silly reify ]
95 verbose reify failed optional dependency /home/ubuntu/novel-master-frontend/node_modules/@rollup/rollup-android-arm-eabi
96 silly reify mark deleted [
96 silly reify   '/home/ubuntu/novel-master-frontend/node_modules/@rollup/rollup-android-arm-eabi'
96 silly reify ]
97 verbose reify failed optional dependency /home/ubuntu/novel-master-frontend/node_modules/@esbuild/win32-x64
98 silly reify mark deleted [
98 silly reify   '/home/ubuntu/novel-master-frontend/node_modules/@esbuild/win32-x64'
98 silly reify ]
99 verbose reify failed optional dependency /home/ubuntu/novel-master-frontend/node_modules/@esbuild/win32-ia32
100 silly reify mark deleted [
100 silly reify   '/home/ubuntu/novel-master-frontend/node_modules/@esbuild/win32-ia32'
100 silly reify ]
101 verbose reify failed optional dependency /home/ubuntu/novel-master-frontend/node_modules/@esbuild/win32-arm64
102 silly reify mark deleted [
102 silly reify   '/home/ubuntu/novel-master-frontend/node_modules/@esbuild/win32-arm64'
102 silly reify ]
103 verbose reify failed optional dependency /home/ubuntu/novel-master-frontend/node_modules/@esbuild/sunos-x64
104 silly reify mark deleted [
104 silly reify   '/home/ubuntu/novel-master-frontend/node_modules/@esbuild/sunos-x64'
104 silly reify ]
105 verbose reify failed optional dependency /home/ubuntu/novel-master-frontend/node_modules/@esbuild/openbsd-x64
106 silly reify mark deleted [
106 silly reify   '/home/ubuntu/novel-master-frontend/node_modules/@esbuild/openbsd-x64'
106 silly reify ]
107 verbose reify failed optional dependency /home/ubuntu/novel-master-frontend/node_modules/@esbuild/netbsd-x64
108 silly reify mark deleted [
108 silly reify   '/home/ubuntu/novel-master-frontend/node_modules/@esbuild/netbsd-x64'
108 silly reify ]
109 verbose reify failed optional dependency /home/ubuntu/novel-master-frontend/node_modules/@esbuild/linux-s390x
110 silly reify mark deleted [
110 silly reify   '/home/ubuntu/novel-master-frontend/node_modules/@esbuild/linux-s390x'
110 silly reify ]
111 verbose reify failed optional dependency /home/ubuntu/novel-master-frontend/node_modules/@esbuild/linux-riscv64
112 silly reify mark deleted [
112 silly reify   '/home/ubuntu/novel-master-frontend/node_modules/@esbuild/linux-riscv64'
112 silly reify ]
113 verbose reify failed optional dependency /home/ubuntu/novel-master-frontend/node_modules/@esbuild/linux-ppc64
114 silly reify mark deleted [
114 silly reify   '/home/ubuntu/novel-master-frontend/node_modules/@esbuild/linux-ppc64'
114 silly reify ]
115 verbose reify failed optional dependency /home/ubuntu/novel-master-frontend/node_modules/@esbuild/linux-mips64el
116 silly reify mark deleted [
116 silly reify   '/home/ubuntu/novel-master-frontend/node_modules/@esbuild/linux-mips64el'
116 silly reify ]
117 verbose reify failed optional dependency /home/ubuntu/novel-master-frontend/node_modules/@esbuild/linux-loong64
118 silly reify mark deleted [
118 silly reify   '/home/ubuntu/novel-master-frontend/node_modules/@esbuild/linux-loong64'
118 silly reify ]
119 verbose reify failed optional dependency /home/ubuntu/novel-master-frontend/node_modules/@esbuild/linux-ia32
120 silly reify mark deleted [
120 silly reify   '/home/ubuntu/novel-master-frontend/node_modules/@esbuild/linux-ia32'
120 silly reify ]
121 verbose reify failed optional dependency /home/ubuntu/novel-master-frontend/node_modules/@esbuild/linux-arm64
122 silly reify mark deleted [
122 silly reify   '/home/ubuntu/novel-master-frontend/node_modules/@esbuild/linux-arm64'
122 silly reify ]
123 verbose reify failed optional dependency /home/ubuntu/novel-master-frontend/node_modules/@esbuild/linux-arm
124 silly reify mark deleted [
124 silly reify   '/home/ubuntu/novel-master-frontend/node_modules/@esbuild/linux-arm'
124 silly reify ]
125 verbose reify failed optional dependency /home/ubuntu/novel-master-frontend/node_modules/@esbuild/freebsd-x64
126 silly reify mark deleted [
126 silly reify   '/home/ubuntu/novel-master-frontend/node_modules/@esbuild/freebsd-x64'
126 silly reify ]
127 verbose reify failed optional dependency /home/ubuntu/novel-master-frontend/node_modules/@esbuild/freebsd-arm64
128 silly reify mark deleted [
128 silly reify   '/home/ubuntu/novel-master-frontend/node_modules/@esbuild/freebsd-arm64'
128 silly reify ]
129 verbose reify failed optional dependency /home/ubuntu/novel-master-frontend/node_modules/@esbuild/darwin-x64
130 silly reify mark deleted [
130 silly reify   '/home/ubuntu/novel-master-frontend/node_modules/@esbuild/darwin-x64'
130 silly reify ]
131 verbose reify failed optional dependency /home/ubuntu/novel-master-frontend/node_modules/@esbuild/darwin-arm64
132 silly reify mark deleted [
132 silly reify   '/home/ubuntu/novel-master-frontend/node_modules/@esbuild/darwin-arm64'
132 silly reify ]
133 verbose reify failed optional dependency /home/ubuntu/novel-master-frontend/node_modules/@esbuild/android-x64
134 silly reify mark deleted [
134 silly reify   '/home/ubuntu/novel-master-frontend/node_modules/@esbuild/android-x64'
134 silly reify ]
135 verbose reify failed optional dependency /home/ubuntu/novel-master-frontend/node_modules/@esbuild/android-arm64
136 silly reify mark deleted [
136 silly reify   '/home/ubuntu/novel-master-frontend/node_modules/@esbuild/android-arm64'
136 silly reify ]
137 verbose reify failed optional dependency /home/ubuntu/novel-master-frontend/node_modules/@esbuild/android-arm
138 silly reify mark deleted [
138 silly reify   '/home/ubuntu/novel-master-frontend/node_modules/@esbuild/android-arm'
138 silly reify ]
139 verbose reify failed optional dependency /home/ubuntu/novel-master-frontend/node_modules/@esbuild/aix-ppc64
140 silly reify mark deleted [
140 silly reify   '/home/ubuntu/novel-master-frontend/node_modules/@esbuild/aix-ppc64'
140 silly reify ]
141 timing reifyNode:node_modules/fsevents Completed in 58ms
142 timing reifyNode:node_modules/@rollup/rollup-win32-x64-msvc Completed in 57ms
143 timing reifyNode:node_modules/@rollup/rollup-win32-x64-gnu Completed in 57ms
144 timing reifyNode:node_modules/@rollup/rollup-win32-ia32-msvc Completed in 58ms
145 timing reifyNode:node_modules/@rollup/rollup-win32-arm64-msvc Completed in 57ms
146 timing reifyNode:node_modules/@rollup/rollup-openharmony-arm64 Completed in 57ms
147 timing reifyNode:node_modules/@rollup/rollup-openbsd-x64 Completed in 57ms
148 timing reifyNode:node_modules/@rollup/rollup-linux-s390x-gnu Completed in 57ms
149 timing reifyNode:node_modules/@rollup/rollup-linux-riscv64-musl Completed in 56ms
150 timing reifyNode:node_modules/@rollup/rollup-linux-riscv64-gnu Completed in 56ms
151 timing reifyNode:node_modules/@rollup/rollup-linux-ppc64-musl Completed in 56ms
152 timing reifyNode:node_modules/@rollup/rollup-linux-ppc64-gnu Completed in 56ms
153 timing reifyNode:node_modules/@rollup/rollup-linux-loong64-musl Completed in 56ms
154 timing reifyNode:node_modules/@rollup/rollup-linux-loong64-gnu Completed in 56ms
155 timing reifyNode:node_modules/@rollup/rollup-linux-arm64-musl Completed in 55ms
156 timing reifyNode:node_modules/@rollup/rollup-linux-arm64-gnu Completed in 55ms
157 timing reifyNode:node_modules/@rollup/rollup-linux-arm-musleabihf Completed in 55ms
158 timing reifyNode:node_modules/@rollup/rollup-linux-arm-gnueabihf Completed in 55ms
159 timing reifyNode:node_modules/@rollup/rollup-freebsd-x64 Completed in 55ms
160 timing reifyNode:node_modules/@rollup/rollup-freebsd-arm64 Completed in 55ms
161 timing reifyNode:node_modules/@rollup/rollup-darwin-x64 Completed in 54ms
162 timing reifyNode:node_modules/@rollup/rollup-darwin-arm64 Completed in 54ms
163 timing reifyNode:node_modules/@rollup/rollup-android-arm64 Completed in 55ms
164 timing reifyNode:node_modules/@rollup/rollup-android-arm-eabi Completed in 55ms
165 timing reifyNode:node_modules/@esbuild/win32-x64 Completed in 54ms
166 timing reifyNode:node_modules/@esbuild/win32-ia32 Completed in 54ms
167 timing reifyNode:node_modules/@esbuild/win32-arm64 Completed in 54ms
168 timing reifyNode:node_modules/@esbuild/sunos-x64 Completed in 54ms
169 timing reifyNode:node_modules/@esbuild/openbsd-x64 Completed in 54ms
170 timing reifyNode:node_modules/@esbuild/netbsd-x64 Completed in 53ms
171 timing reifyNode:node_modules/@esbuild/linux-s390x Completed in 53ms
172 timing reifyNode:node_modules/@esbuild/linux-riscv64 Completed in 53ms
173 timing reifyNode:node_modules/@esbuild/linux-ppc64 Completed in 53ms
174 timing reifyNode:node_modules/@esbuild/linux-mips64el Completed in 53ms
175 timing reifyNode:node_modules/@esbuild/linux-loong64 Completed in 53ms
176 timing reifyNode:node_modules/@esbuild/linux-ia32 Completed in 52ms
177 timing reifyNode:node_modules/@esbuild/linux-arm64 Completed in 52ms
178 timing reifyNode:node_modules/@esbuild/linux-arm Completed in 52ms
179 timing reifyNode:node_modules/@esbuild/freebsd-x64 Completed in 52ms
180 timing reifyNode:node_modules/@esbuild/freebsd-arm64 Completed in 52ms
181 timing reifyNode:node_modules/@esbuild/darwin-x64 Completed in 52ms
182 timing reifyNode:node_modules/@esbuild/darwin-arm64 Completed in 52ms
183 timing reifyNode:node_modules/@esbuild/android-x64 Completed in 51ms
184 timing reifyNode:node_modules/@esbuild/android-arm64 Completed in 51ms
185 timing reifyNode:node_modules/@esbuild/android-arm Completed in 51ms
186 timing reifyNode:node_modules/@esbuild/aix-ppc64 Completed in 51ms
187 timing reify:unpack Completed in 61ms
188 timing reify:unretire Completed in 0ms
189 timing build:queue Completed in 13ms
190 timing build:deps Completed in 14ms
191 timing build Completed in 14ms
192 timing reify:build Completed in 15ms
193 timing reify:trash Completed in 8ms
194 timing reify:save Completed in 195ms
195 http fetch POST 200 https://registry.npmjs.org/-/npm/v1/security/advisories/bulk 411ms
196 timing auditReport:getReport Completed in 427ms
197 silly audit report {
197 silly audit report   esbuild: [
197 silly audit report     {
197 silly audit report       id: 1102341,
197 silly audit report       url: 'https://github.com/advisories/GHSA-67mh-4wv8-2f99',
197 silly audit report       title: 'esbuild enables any website to send any requests to the development server and read the response',
197 silly audit report       severity: 'moderate',
197 silly audit report       vulnerable_versions: '<=0.24.2',
197 silly audit report       cwe: [Array],
197 silly audit report       cvss: [Object]
197 silly audit report     }
197 silly audit report   ],
197 silly audit report   vite: [
197 silly audit report     {
197 silly audit report       id: 1116229,
197 silly audit report       url: 'https://github.com/advisories/GHSA-4w7w-66w2-5vf9',
197 silly audit report       title: 'Vite Vulnerable to Path Traversal in Optimized Deps `.map` Handling',
197 silly audit report       severity: 'moderate',
197 silly audit report       vulnerable_versions: '<=6.4.1',
197 silly audit report       cwe: [Array],
197 silly audit report       cvss: [Object]
197 silly audit report     }
197 silly audit report   ]
197 silly audit report }
198 timing metavuln:cache:get:security-advisory:vite:I1BdsVrQ8+F0Nz5pjiEY7gYSFBzvKNwOR8nQyg9euOprN34SC4VipJH1GMc8WCRl+e0xZWGr2QiYwiNwqO4gag== Completed in 11ms
199 timing metavuln:cache:get:security-advisory:esbuild:jKdCIzePj7J1488qgRXvF8Srh9wutSuR1exB8YooNX62hT+qhtrUXYbArLNoIhgwbaCqKpmduh18syZU7BR9SA== Completed in 14ms
200 http fetch GET 200 https://registry.npmjs.org/esbuild 26ms (cache hit)
201 timing metavuln:packument:esbuild Completed in 33ms
202 timing metavuln:load:security-advisory:esbuild:1102341 Completed in 5ms
203 timing metavuln:calculate:security-advisory:esbuild:1102341 Completed in 39ms
204 http fetch GET 200 https://registry.npmjs.org/vite 42ms (cache hit)
205 timing metavuln:packument:vite Completed in 68ms
206 timing metavuln:load:security-advisory:vite:1116229 Completed in 8ms
207 timing metavuln:calculate:security-advisory:vite:1116229 Completed in 76ms
208 timing metavuln:cache:get:security-advisory:vite:tMBsdAS7JBTyRORp0YaJR984WAAsOxgmReSLBN0Nd41GhzEakjROICqAJ31iOdYG5Ijo/MlJ01p3ig1iN88+Tw== Completed in 6ms
209 timing metavuln:load:security-advisory:vite:jKdCIzePj7J1488qgRXvF8Srh9wutSuR1exB8YooNX62hT+qhtrUXYbArLNoIhgwbaCqKpmduh18syZU7BR9SA== Completed in 5ms
210 timing metavuln:calculate:security-advisory:vite:jKdCIzePj7J1488qgRXvF8Srh9wutSuR1exB8YooNX62hT+qhtrUXYbArLNoIhgwbaCqKpmduh18syZU7BR9SA== Completed in 12ms
211 timing metavuln:cache:get:security-advisory:@vitejs/plugin-react:9Gy9+ze27G1us6B+W8biV10fSWWlbvxdqXOWR2dOcacJriijvaJSB375JaNqMBMF4g4ZE1YqsyqGPI5D0gHDqQ== Completed in 12ms
212 timing metavuln:cache:get:security-advisory:vite-plugin-pwa:tlB8Hq2WonxqQm+sn18tR++g4F82HC7LjkZqgboA29XOETB41i0e0qC8gTMhbEl4prEuNHv46MtoWdO8cnfOkg== Completed in 12ms
213 http fetch GET 200 https://registry.npmjs.org/@vitejs%2fplugin-react 18ms (cache hit)
214 timing metavuln:packument:@vitejs/plugin-react Completed in 20ms
215 timing metavuln:load:security-advisory:@vitejs/plugin-react:I1BdsVrQ8+F0Nz5pjiEY7gYSFBzvKNwOR8nQyg9euOprN34SC4VipJH1GMc8WCRl+e0xZWGr2QiYwiNwqO4gag== Completed in 0ms
216 timing metavuln:calculate:security-advisory:@vitejs/plugin-react:I1BdsVrQ8+F0Nz5pjiEY7gYSFBzvKNwOR8nQyg9euOprN34SC4VipJH1GMc8WCRl+e0xZWGr2QiYwiNwqO4gag== Completed in 22ms
217 http fetch GET 200 https://registry.npmjs.org/vite-plugin-pwa 29ms (cache hit)
218 timing metavuln:packument:vite-plugin-pwa Completed in 33ms
219 timing metavuln:load:security-advisory:vite-plugin-pwa:I1BdsVrQ8+F0Nz5pjiEY7gYSFBzvKNwOR8nQyg9euOprN34SC4VipJH1GMc8WCRl+e0xZWGr2QiYwiNwqO4gag== Completed in 0ms
220 timing metavuln:calculate:security-advisory:vite-plugin-pwa:I1BdsVrQ8+F0Nz5pjiEY7gYSFBzvKNwOR8nQyg9euOprN34SC4VipJH1GMc8WCRl+e0xZWGr2QiYwiNwqO4gag== Completed in 33ms
221 timing auditReport:init Completed in 176ms
222 timing reify:audit Completed in 607ms
223 timing reify Completed in 1608ms
224 silly ADD
225 silly ADD
226 silly ADD
227 silly ADD
228 silly ADD
229 silly ADD
230 silly ADD
231 silly ADD
232 silly ADD
233 silly ADD
234 silly ADD
235 silly ADD
236 silly ADD
237 silly ADD
238 silly ADD
239 silly ADD
240 silly ADD
241 silly ADD
242 silly ADD
243 silly ADD
244 silly ADD
245 silly ADD
246 silly ADD
247 silly ADD
248 silly ADD
249 silly ADD
250 silly ADD
251 silly ADD
252 silly ADD
253 silly ADD
254 silly ADD
255 silly ADD
256 silly ADD
257 silly ADD
258 silly ADD
259 silly ADD
260 silly ADD
261 silly ADD
262 silly ADD
263 silly ADD
264 silly ADD
265 silly ADD
266 silly ADD
267 silly ADD
268 silly ADD
269 silly ADD
270 timing command:install Completed in 1638ms
271 verbose exit 0
272 timing npm Completed in 1733ms
273 info ok
