0 verbose cli /usr/bin/node /usr/bin/npm
1 info using npm@9.2.0
2 info using node@v22.22.1
3 timing npm:load:whichnode Completed in 1ms
4 timing config:load:defaults Completed in 4ms
5 timing config:load:file:/usr/share/nodejs/npm/npmrc Completed in 15ms
6 timing config:load:builtin Completed in 15ms
7 timing config:load:cli Completed in 4ms
8 timing config:load:env Completed in 4ms
9 timing config:load:file:/home/ubuntu/novelmasterpro/novel_master_frontend_production/.npmrc Completed in 1ms
10 timing config:load:project Completed in 19ms
11 timing config:load:file:/home/ubuntu/.npmrc Completed in 0ms
12 timing config:load:user Completed in 0ms
13 timing config:load:file:/etc/npmrc Completed in 1ms
14 timing config:load:global Completed in 1ms
15 timing config:load:setEnvs Completed in 1ms
16 timing config:load Completed in 48ms
17 timing npm:load:configload Completed in 48ms
18 timing npm:load:mkdirpcache Completed in 6ms
19 timing npm:load:mkdirplogs Completed in 0ms
20 verbose title npm run build
21 verbose argv "run" "build"
22 timing npm:load:setTitle Completed in 1ms
23 timing config:load:flatten Completed in 3ms
24 timing npm:load:display Completed in 4ms
25 verbose logfile logs-max:10 dir:/home/ubuntu/.npm/_logs/2026-05-24T15_48_03_546Z-
26 verbose logfile /home/ubuntu/.npm/_logs/2026-05-24T15_48_03_546Z-debug-0.log
27 timing npm:load:logFile Completed in 16ms
28 timing npm:load:timers Completed in 0ms
29 timing npm:load:configScope Completed in 0ms
30 timing npm:load Completed in 77ms
31 silly logfile done cleaning log files
32 timing command:run Completed in 5ms
33 verbose stack Error: ENOENT: no such file or directory, open '/home/ubuntu/novelmasterpro/novel_master_frontend_production/package.json'
34 verbose cwd /home/ubuntu/novelmasterpro/novel_master_frontend_production
35 verbose Linux 7.0.0-1004-aws
36 verbose node v22.22.1
37 verbose npm  v9.2.0
38 error code ENOENT
39 error syscall open
40 error path /home/ubuntu/novelmasterpro/novel_master_frontend_production/package.json
41 error errno -2
42 error enoent ENOENT: no such file or directory, open '/home/ubuntu/novelmasterpro/novel_master_frontend_production/package.json'
43 error enoent This is related to npm not being able to find a file.
43 error enoent
44 verbose exit -2
45 timing npm Completed in 122ms
46 verbose code -2
47 error A complete log of this run can be found in:
47 error     /home/ubuntu/.npm/_logs/2026-05-24T15_48_03_546Z-debug-0.log
