0 verbose cli /usr/bin/node /usr/bin/npm
1 info using npm@9.2.0
2 info using node@v22.22.1
3 timing npm:load:whichnode Completed in 0ms
4 timing config:load:defaults Completed in 1ms
5 timing config:load:file:/usr/share/nodejs/npm/npmrc Completed in 10ms
6 timing config:load:builtin Completed in 10ms
7 timing config:load:cli Completed in 4ms
8 timing config:load:env Completed in 0ms
9 timing config:load:file:/home/ubuntu/novelmasterpro/.npmrc Completed in 1ms
10 timing config:load:project Completed in 11ms
11 timing config:load:file:/home/ubuntu/.npmrc Completed in 0ms
12 timing config:load:user Completed in 1ms
13 timing config:load:file:/etc/npmrc Completed in 0ms
14 timing config:load:global Completed in 0ms
15 timing config:load:setEnvs Completed in 1ms
16 timing config:load Completed in 29ms
17 timing npm:load:configload Completed in 30ms
18 timing npm:load:mkdirpcache Completed in 0ms
19 timing npm:load:mkdirplogs Completed in 0ms
20 verbose title npm install
21 verbose argv "install"
22 timing npm:load:setTitle Completed in 1ms
23 timing config:load:flatten Completed in 3ms
24 timing npm:load:display Completed in 4ms
25 verbose logfile logs-max:10 dir:/home/ubuntu/.npm/_logs/2026-05-24T15_40_20_582Z-
26 verbose logfile /home/ubuntu/.npm/_logs/2026-05-24T15_40_20_582Z-debug-0.log
27 timing npm:load:logFile Completed in 12ms
28 timing npm:load:timers Completed in 1ms
29 timing npm:load:configScope Completed in 0ms
30 timing npm:load Completed in 49ms
31 timing config:load:flatten Completed in 1ms
32 timing arborist:ctor Completed in 1ms
33 silly logfile done cleaning log files
34 timing arborist:ctor Completed in 0ms
35 timing idealTree:init Completed in 15ms
36 timing idealTree:userRequests Completed in 0ms
37 silly idealTree buildDeps
38 timing idealTree:#root Completed in 0ms
39 timing idealTree:buildDeps Completed in 2ms
40 timing idealTree:fixDepFlags Completed in 0ms
41 timing idealTree Completed in 19ms
42 timing reify:loadTrees Completed in 20ms
43 timing reify:diffTrees Completed in 0ms
44 silly reify moves {}
45 timing reify:retireShallow Completed in 2ms
46 timing reify:createSparse Completed in 0ms
47 timing reify:loadBundles Completed in 0ms
48 timing reify:unpack Completed in 1ms
49 timing reify:unretire Completed in 0ms
50 timing build:queue Completed in 0ms
51 timing build:deps Completed in 1ms
52 timing build Completed in 1ms
53 timing reify:build Completed in 1ms
54 timing reify:trash Completed in 0ms
55 timing reify:save Completed in 2ms
56 timing reify Completed in 36ms
57 timing command:install Completed in 41ms
58 verbose stack Error: ENOENT: no such file or directory, open '/home/ubuntu/novelmasterpro/package.json'
59 verbose cwd /home/ubuntu/novelmasterpro
60 verbose Linux 7.0.0-1004-aws
61 verbose node v22.22.1
62 verbose npm  v9.2.0
63 error code ENOENT
64 error syscall open
65 error path /home/ubuntu/novelmasterpro/package.json
66 error errno -2
67 error enoent ENOENT: no such file or directory, open '/home/ubuntu/novelmasterpro/package.json'
68 error enoent This is related to npm not being able to find a file.
68 error enoent
69 verbose exit -2
70 timing npm Completed in 114ms
71 verbose code -2
72 error A complete log of this run can be found in:
72 error     /home/ubuntu/.npm/_logs/2026-05-24T15_40_20_582Z-debug-0.log
